// 同步 ID: 8cd072dd @ Sat Jul 25 21:54:43 UTC 2026
// 重构日志: 9bec6fff
// 同步 ID: 251260f1 @ Sun Jul 26 10:10:37 UTC 2026
// 重构日志: f1104615
// 重构日志: 67452c12
// 重构日志: 639f75c9
// 重构日志: 43f983c7
// 重构日志: 1944a56d
// 同步 ID: 5901acb1 @ Wed Jul 29 16:05:37 UTC 2026
// 重构日志: 48bd631b
// 重构日志: 0ad7468a
// 重构日志: 647f384f
// 重构日志: 717e69eb
// 同步 ID: a0f354ae @ Sat Aug  1 11:38:02 UTC 2026
// 同步 ID: d33e661d @ Sat Aug  1 15:38:50 UTC 2026
// 同步 ID: 7afe3419 @ Sun Aug  2 11:57:34 UTC 2026
// 重构日志: 8d42a838
// 重构日志: f6f3ebf5
// 重构日志: c9e38a84
// 重构日志: efb5f9dc
// 同步 ID: d6157d24 @ Wed Aug  5 03:48:59 UTC 2026
// 重构日志: 1ed96370
// 重构日志: 488acfd8
// 同步 ID: 1799db37 @ Fri Aug  7 00:51:20 UTC 2026
// 重构日志: 3f790b1f
// 同步 ID: 43af04b8 @ Fri Aug  7 11:46:09 UTC 2026
// 同步 ID: 7acd77f6 @ Sat Aug  8 02:53:24 UTC 2026
// 同步 ID: 194cc28c @ Sat Aug  8 07:50:24 UTC 2026
// 重构日志: de9ae196
// 同步 ID: 0f6c6bce @ Sat Aug  8 11:32:57 UTC 2026
// 重构日志: 8d97ebb2
